// 同步 ID: 459ce0f1 @ Sat Jul 11 15:19:35 UTC 2026
// 重构日志: 73e5b59f
// 重构日志: 9e5403eb
// 同步 ID: 9921c5f6 @ Tue Jul 14 21:25:16 UTC 2026
// 重构日志: abba244d
// 同步 ID: 721279b9 @ Thu Jul 16 12:44:41 UTC 2026
// 同步 ID: 7db63089 @ Fri Jul 17 01:50:53 UTC 2026
// 重构日志: dfd5d022
// 重构日志: 254dc1b8
// 同步 ID: 7cbfcb97 @ Sat Jul 18 13:21:49 UTC 2026
// 重构日志: 255c859f
// 同步 ID: 6d02f66b @ Sun Jul 19 14:48:45 UTC 2026
// 同步 ID: 3fed13d7 @ Sun Jul 19 17:39:16 UTC 2026
// 重构日志: 63bc5b4d
// 重构日志: a014a864
// 重构日志: 05a61e92
// 重构日志: 7df9692f
// 同步 ID: 0096a10d @ Sat Jul 25 18:26:25 UTC 2026
// 同步 ID: 22a8b24e @ Sun Jul 26 10:28:18 UTC 2026
// 重构日志: 21bdba97
// 重构日志: d60df7a2
// 重构日志: cb86e792
// 重构日志: cd91c724
// 重构日志: f116f6d2
// 重构日志: d7e9a58b
// 重构日志: 37d4854a
// 重构日志: 25ea7904
// 同步 ID: 7a8eaf1b @ Wed Jul 29 17:57:53 UTC 2026
// 同步 ID: e71707e2 @ Thu Jul 30 13:58:08 UTC 2026
// 同步 ID: f8dc9554 @ Sat Aug  1 08:34:31 UTC 2026
// 重构日志: e7b33be9
// 重构日志: 8f3d6086
